[1014/142208.053:ERROR:gpu_init.cc(426)] Passthrough is not supported, GL is disabled
[1014/142405.230:WARNING:angle_platform_impl.cc(48)] HLSLCompiler.cpp:257 (compileToBinary): 
C:\fakepath(102,1-6): warning X4000: use of potentially uninitialized variable (dyn_index_vec4_float4)

[1014/142405.389:WARNING:angle_platform_impl.cc(48)] HLSLCompiler.cpp:257 (compileToBinary): 
C:\fakepath(135,1): warning X4000: use of potentially uninitialized variable (f_i)
C:\fakepath(137,1): warning X4000: use of potentially uninitialized variable (f_i)
C:\fakepath(173,1): warning X4000: use of potentially uninitialized variable (f_u)

[1014/142418.402:WARNING:angle_platform_impl.cc(48)] HLSLCompiler.cpp:257 (compileToBinary): 
C:\fakepath(102,1-6): warning X4000: use of potentially uninitialized variable (dyn_index_vec4_float4)

[1014/142418.524:WARNING:angle_platform_impl.cc(48)] HLSLCompiler.cpp:257 (compileToBinary): 
C:\fakepath(135,1): warning X4000: use of potentially uninitialized variable (f_i)
C:\fakepath(137,1): warning X4000: use of potentially uninitialized variable (f_i)
C:\fakepath(173,1): warning X4000: use of potentially uninitialized variable (f_u)

[1014/142437.475:WARNING:spdy_session.cc(3431)] Received HEADERS for invalid stream 769
[1014/143020.197:WARNING:spdy_session.cc(3431)] Received HEADERS for invalid stream 57
[1014/143020.197:WARNING:spdy_session.cc(3431)] Received HEADERS for invalid stream 53
[1014/143020.197:WARNING:spdy_session.cc(3431)] Received HEADERS for invalid stream 55
[1014/143023.387:WARNING:angle_platform_impl.cc(48)] HLSLCompiler.cpp:257 (compileToBinary): 
C:\fakepath(102,1-6): warning X4000: use of potentially uninitialized variable (dyn_index_vec4_float4)

[1014/143023.538:WARNING:angle_platform_impl.cc(48)] HLSLCompiler.cpp:257 (compileToBinary): 
C:\fakepath(135,1): warning X4000: use of potentially uninitialized variable (f_i)
C:\fakepath(137,1): warning X4000: use of potentially uninitialized variable (f_i)
C:\fakepath(173,1): warning X4000: use of potentially uninitialized variable (f_u)

[1014/143024.022:WARNING:angle_platform_impl.cc(48)] HLSLCompiler.cpp:257 (compileToBinary): 
C:\fakepath(165,1): warning X4000: use of potentially uninitialized variable (f_renderMipMapLevel)

[1014/143024.043:WARNING:angle_platform_impl.cc(48)] HLSLCompiler.cpp:257 (compileToBinary): 
C:\fakepath(165,1): warning X4000: use of potentially uninitialized variable (f_renderMipMapLevel)

[1014/143024.451:WARNING:spdy_session.cc(3431)] Received HEADERS for invalid stream 105
[1014/143024.673:WARNING:spdy_session.cc(3431)] Received HEADERS for invalid stream 111
[1014/143024.673:WARNING:spdy_session.cc(3431)] Received HEADERS for invalid stream 101
[1014/143024.673:WARNING:spdy_session.cc(3431)] Received HEADERS for invalid stream 103
[1014/143024.673:WARNING:spdy_session.cc(3431)] Received HEADERS for invalid stream 115
[1014/143024.673:WARNING:spdy_session.cc(3431)] Received HEADERS for invalid stream 109
[1014/143024.673:WARNING:spdy_session.cc(3431)] Received HEADERS for invalid stream 127
[1014/143024.673:WARNING:spdy_session.cc(3431)] Received HEADERS for invalid stream 123
[1014/143024.673:WARNING:spdy_session.cc(3431)] Received HEADERS for invalid stream 129
[1014/143024.673:WARNING:spdy_session.cc(3431)] Received HEADERS for invalid stream 131
[1014/143024.673:WARNING:spdy_session.cc(3431)] Received HEADERS for invalid stream 125
[1014/143024.673:WARNING:spdy_session.cc(3431)] Received HEADERS for invalid stream 121
[1014/143024.673:WARNING:spdy_session.cc(3431)] Received HEADERS for invalid stream 133
[1014/143024.673:WARNING:spdy_session.cc(3431)] Received HEADERS for invalid stream 119
[1014/143024.673:WARNING:spdy_session.cc(3431)] Received HEADERS for invalid stream 117
[1014/144011.727:WARNING:angle_platform_impl.cc(48)] HLSLCompiler.cpp:257 (compileToBinary): 
C:\fakepath(102,1-6): warning X4000: use of potentially uninitialized variable (dyn_index_vec4_float4)

[1014/144011.893:WARNING:angle_platform_impl.cc(48)] HLSLCompiler.cpp:257 (compileToBinary): 
C:\fakepath(135,1): warning X4000: use of potentially uninitialized variable (f_i)
C:\fakepath(137,1): warning X4000: use of potentially uninitialized variable (f_i)
C:\fakepath(173,1): warning X4000: use of potentially uninitialized variable (f_u)

[1014/144012.673:WARNING:angle_platform_impl.cc(48)] HLSLCompiler.cpp:257 (compileToBinary): 
C:\fakepath(165,1): warning X4000: use of potentially uninitialized variable (f_renderMipMapLevel)

